
=== Loading Data ===

=== Subsetting Variables ===

Checking variable availability:
  All variables found in dataset

Subset complete: 19243 observations, 46 variables

=== Data Preparation ===
Valid cases with complete data and govwt1 > 0: N = 4127

Converting self-control items to ordered factors...

Survey weight summary (govwt1):
  Mean: 0.68
  SD: 0.25
  Range: 0.14 - 1.35

=== Defining Second-Order LGBM Model ===
Model specification complete
  - First-order factors: 6 (SC_3, SC_5, SC_7, SC_11, SC_14, SC_17)
  - Items per factor: 7 (thac, tcom, obey, dist, temp, rest, fidg)
  - Total indicators: 42
  - Measurement invariance: Equal loadings and thresholds
  - Correlated uniquenesses: Adjacent time points only
  - Second-order: Intercept (i) and non-linear Slope (s)

=== Fitting Model ===
Estimator: WLSMV (diagonally weighted least squares)
Survey design: Complex (strata, cluster, weights)

Fitting model with survey weights...
NOTE: Using sampling weights (categorical + clustering not supported in lavaan)

lavoptions         ... done.
lavdata            ... done.
  Number of observations                          4127
  Sampling weights variable                     govwt1
lavpartable        ... done.
lavpta             ... done.
lavsamplestats     ...Estimating sample thresholds and correlations ... done
 done.
lavh1              ... start:
lavh1              ... done.
lavpartable bounds ... done.
lavstart           ... done.
lavmodel           ... done.
lavoptim           ... start:
attempt 1 -- default options
  objective function  = 36.3548363294464139
  quasi-Newton steps using NLMINB:
  objective function  = 36.3548363294464139
  objective function  = 813.9113558144808849
  objective function  = 6.3584900085003495
  objective function  = 5.0625873181040051
  objective function  = 4.4517275569771924
  objective function  = 3.9198683861302483
  objective function  = 3.5867994965683896
  objective function  = 3.5105903331982007
  objective function  = 3.2389775915823447
  objective function  = 2.9974356077868247
  objective function  = 3.3995299170039686
  objective function  = 3.2191278688265794
  objective function  = 2.9800865908326140
  objective function  = 2.9510644350443531
  objective function  = 2.9167718041690676
  objective function  = 2.8530389063234907
  objective function  = 2.7704302113151011
  objective function  = 2.5878508460006602
  objective function  = 2.3360925270998387
  objective function  = 2.3159630238213298
  objective function  = 2.2454527338754211
  objective function  = 2.1393185415939375
  objective function  = 2.1372061982650483
  objective function  = 2.1050435654562532
  objective function  = 2.0544780719565900
  objective function  = 2.0770180955559860
  objective function  = 2.0368173363120796
  objective function  = 2.0215492363463383
  objective function  = 2.0035978989337924
  objective function  = 1.9900782051210519
  objective function  = 1.9894536216129000
  objective function  = 1.9752243492824739
  objective function  = 1.9706598806803703
  objective function  = 1.9660449600683900
  objective function  = 1.9635569246565838
  objective function  = 1.9451949596522757
  objective function  = 1.9554267552696609
  objective function  = 1.9375056437809761
  objective function  = 1.9345263145720775
  objective function  = 1.9339434908076654
  objective function  = 1.9628007439994999
  objective function  = 1.9296524198727187
  objective function  = 1.9269080425860448
  objective function  = 1.9257833777722353
  objective function  = 1.9246862144277173
  objective function  = 1.9238783713611971
  objective function  = 1.9233213422075104
  objective function  = 1.9228967824658951
  objective function  = 1.9225218385590861
  objective function  = 1.9222185189354888
  objective function  = 1.9219075243007453
  objective function  = 1.9217951523815036
  objective function  = 1.9214760907582056
  objective function  = 1.9211124420532681
  objective function  = 1.9210488299789683
  objective function  = 1.9206386498254622
  objective function  = 1.9206321552840497
  objective function  = 1.9204145028624455
  objective function  = 1.9202225720050079
  objective function  = 1.9201248166921605
  objective function  = 1.9200906109820821
  objective function  = 1.9199602803150919
  objective function  = 1.9198903560140848
  objective function  = 1.9198626964167467
  objective function  = 1.9198193239670955
  objective function  = 1.9198087369230843
  objective function  = 1.9198038697956525
  objective function  = 1.9198028651932668
  objective function  = 1.9198019260567343
  objective function  = 1.9198017535443312
  objective function  = 1.9198016908550526
  objective function  = 1.9198016798650797
  objective function  = 1.9198016760607082
  objective function  = 1.9198016747827571
  objective function  = 1.9198016746190745
  objective function  = 1.9198016745966373
  objective function  = 1.9198016745966373
  convergence status (0=ok):  0 
  nlminb message says:  relative convergence (4) 
  number of iterations:  64 
  number of function evaluations [objective, gradient]:  76 65 
lavoptim    ... done.
lavimplied  ... done.
lavloglik   ... done.
computing VCOV for      se = robust.sem ... done.
computing TEST for test(s) = scaled.shifted ... done.
lavbaseline ... done.
post check  ... done.

Model fitting complete
Survey design specifications:
  - Weight variable: govwt1 (applied)
  - Clustering (sptn00): 395 PSUs [not applied - lavaan limitation]
  - Stratification (pttype2): 9 strata [not applied - lavaan limitation]
  - N = 4127

For full survey design (clustering + weights), consider:
  - MPlus (as you have done)
  - Multilevel SEM approaches
  - Resampling methods

==============================================================================
MODEL FIT INDICES
==============================================================================

         chisq             df         pvalue            cfi            tli 
     15846.043        871.000          0.000          0.967          0.967 
         rmsea rmsea.ci.lower rmsea.ci.upper           srmr 
         0.065          0.064          0.065          0.074 

==============================================================================
PARAMETER ESTIMATES (Survey-Adjusted)
==============================================================================


--- SECOND-ORDER GROWTH PARAMETERS ---

Growth Factor Means:
  lhs   est   se      z pvalue ci.lower ci.upper
1   i 0.000 0.00     NA     NA    0.000    0.000
2   s 0.567 0.02 28.335      0    0.527    0.606

Growth Factor Variances and Covariance:
  lhs op rhs    est    se      z pvalue ci.lower ci.upper
1   i ~~   i  0.274 0.011 25.113      0    0.253    0.295
2   s ~~   s  0.428 0.027 15.648      0    0.375    0.482
3   i ~~   s -0.069 0.013 -5.377      0   -0.094   -0.044

--- BASIS COEFFICIENTS (Non-linear Slope) ---
Time loadings on Slope factor (0 = age 3, 1 = age 17):
  lhs op   rhs   est    se      z pvalue ci.lower ci.upper
1   s =~  SC_3 0.000 0.000     NA     NA    0.000    0.000
2   s =~  SC_5 0.326 0.015 21.272      0    0.296    0.356
3   s =~  SC_7 0.413 0.016 26.017      0    0.382    0.444
4   s =~ SC_11 0.587 0.017 33.636      0    0.553    0.621
5   s =~ SC_14 0.729 0.019 37.892      0    0.691    0.766
6   s =~ SC_17 1.000 0.000     NA     NA    1.000    1.000

--- FACTOR LOADINGS (First-Order) ---
Constrained to be equal across time:
   lhs op     rhs   est    se      z pvalue
1 SC_3 =~ sc3thac 1.000 0.000     NA     NA
2 SC_3 =~ sc3tcom 1.219 0.016 77.988      0
3 SC_3 =~ sc3obey 0.963 0.018 54.045      0
4 SC_3 =~ sc3dist 1.291 0.017 75.843      0
5 SC_3 =~ sc3temp 0.971 0.019 50.385      0
6 SC_3 =~ sc3rest 1.275 0.018 69.771      0
7 SC_3 =~ sc3fidg 1.201 0.019 63.001      0

--- SCALE FACTORS ---
  label   est    se      z pvalue
1   sf1 1.000 0.000     NA     NA
2   sf5 1.059 0.014 76.932      0
3   sf7 1.049 0.013 78.390      0
4  sf11 1.004 0.015 68.348      0
5  sf14 0.908 0.014 66.638      0
6  sf17 0.791 0.014 54.911      0

==============================================================================
MODEL SUMMARY
==============================================================================

lavaan 0.6.17 ended normally after 64 iterations

  Estimator                                       DWLS
  Optimization method                           NLMINB
  Number of model parameters                       211
  Number of equality constraints                   137

  Number of observations                          4127
  Sampling weights variable                     govwt1

Model Test User Model:
                                               Standard      Scaled
  Test Statistic                              15846.043   11277.530
  Degrees of freedom                                871         871
  P-value (Chi-square)                            0.000       0.000
  Scaling correction factor                                   1.460
  Shift parameter                                           426.972
    simple second-order correction                                 

Model Test Baseline Model:

  Test statistic                            456164.017  113087.345
  Degrees of freedom                               861         861
  P-value                                        0.000       0.000
  Scaling correction factor                                  4.057

User Model versus Baseline Model:

  Comparative Fit Index (CFI)                    0.967       0.907
  Tucker-Lewis Index (TLI)                       0.967       0.908
                                                                  
  Robust Comparative Fit Index (CFI)                            NA
  Robust Tucker-Lewis Index (TLI)                               NA

Root Mean Square Error of Approximation:

  RMSEA                                          0.065       0.054
  90 Percent confidence interval - lower         0.064       0.053
  90 Percent confidence interval - upper         0.065       0.055
  P-value H_0: RMSEA <= 0.050                    0.000       0.000
  P-value H_0: RMSEA >= 0.080                    0.000       0.000
                                                                  
  Robust RMSEA                                                  NA
  90 Percent confidence interval - lower                        NA
  90 Percent confidence interval - upper                        NA
  P-value H_0: Robust RMSEA <= 0.050                            NA
  P-value H_0: Robust RMSEA >= 0.080                            NA

Standardized Root Mean Square Residual:

  SRMR                                           0.074       0.074

Parameter Estimates:

  Parameterization                               Delta
  Standard errors                           Robust.sem
  Information                                 Expected
  Information saturated (h1) model        Unstructured

Latent Variables:
                   Estimate  Std.Err  z-value  P(>|z|)   Std.lv  Std.all
  SC_3 =~                                                               
    sc3thac   (l1)    1.000                               0.569    0.569
    sc3tcom   (l2)    1.219    0.016   77.988    0.000    0.693    0.693
    sc3obey   (l3)    0.963    0.018   54.045    0.000    0.547    0.547
    sc3dist   (l4)    1.291    0.017   75.843    0.000    0.734    0.734
    sc3temp   (l5)    0.971    0.019   50.385    0.000    0.552    0.552
    sc3rest   (l6)    1.275    0.018   69.771    0.000    0.725    0.725
    sc3fidg   (l7)    1.201    0.019   63.001    0.000    0.683    0.683
  SC_5 =~                                                               
    sc5thac   (l1)    1.000                               0.593    0.628
    sc5tcom   (l2)    1.219    0.016   77.988    0.000    0.723    0.766
    sc5obey   (l3)    0.963    0.018   54.045    0.000    0.571    0.605
    sc5dist   (l4)    1.291    0.017   75.843    0.000    0.766    0.811
    sc5temp   (l5)    0.971    0.019   50.385    0.000    0.576    0.610
    sc5rest   (l6)    1.275    0.018   69.771    0.000    0.756    0.801
    sc5fidg   (l7)    1.201    0.019   63.001    0.000    0.712    0.755
  SC_7 =~                                                               
    sc7thac   (l1)    1.000                               0.616    0.647
    sc7tcom   (l2)    1.219    0.016   77.988    0.000    0.751    0.788
    sc7obey   (l3)    0.963    0.018   54.045    0.000    0.593    0.622
    sc7dist   (l4)    1.291    0.017   75.843    0.000    0.796    0.835
    sc7temp   (l5)    0.971    0.019   50.385    0.000    0.598    0.628
    sc7rest   (l6)    1.275    0.018   69.771    0.000    0.786    0.824
    sc7fidg   (l7)    1.201    0.019   63.001    0.000    0.740    0.777
  SC_11 =~                                                              
    sc11thac  (l1)    1.000                               0.641    0.644
    sc11tcom  (l2)    1.219    0.016   77.988    0.000    0.781    0.784
    sc11obey  (l3)    0.963    0.018   54.045    0.000    0.617    0.620
    sc11dist  (l4)    1.291    0.017   75.843    0.000    0.827    0.831
    sc11temp  (l5)    0.971    0.019   50.385    0.000    0.622    0.625
    sc11rest  (l6)    1.275    0.018   69.771    0.000    0.817    0.821
    sc11fidg  (l7)    1.201    0.019   63.001    0.000    0.770    0.773
  SC_14 =~                                                              
    sc14thac  (l1)    1.000                               0.712    0.647
    sc14tcom  (l2)    1.219    0.016   77.988    0.000    0.867    0.788
    sc14obey  (l3)    0.963    0.018   54.045    0.000    0.685    0.622
    sc14dist  (l4)    1.291    0.017   75.843    0.000    0.919    0.835
    sc14temp  (l5)    0.971    0.019   50.385    0.000    0.691    0.628
    sc14rest  (l6)    1.275    0.018   69.771    0.000    0.908    0.824
    sc14fidg  (l7)    1.201    0.019   63.001    0.000    0.855    0.777
  SC_17 =~                                                              
    sc17thac  (l1)    1.000                               0.822    0.650
    sc17tcom  (l2)    1.219    0.016   77.988    0.000    1.002    0.792
    sc17obey  (l3)    0.963    0.018   54.045    0.000    0.791    0.626
    sc17dist  (l4)    1.291    0.017   75.843    0.000    1.061    0.839
    sc17temp  (l5)    0.971    0.019   50.385    0.000    0.798    0.631
    sc17rest  (l6)    1.275    0.018   69.771    0.000    1.048    0.829
    sc17fidg  (l7)    1.201    0.019   63.001    0.000    0.987    0.781
  i =~                                                                  
    SC_3              1.000                               0.921    0.921
    SC_5              1.000                               0.883    0.883
    SC_7              1.000                               0.849    0.849
    SC_11             1.000                               0.817    0.817
    SC_14             1.000                               0.735    0.735
    SC_17             1.000                               0.637    0.637
  s =~                                                                  
    SC_3              0.000                               0.000    0.000
    SC_5      (t5)    0.326    0.015   21.272    0.000    0.360    0.360
    SC_7      (t7)    0.413    0.016   26.017    0.000    0.439    0.439
    SC_11    (t11)    0.587    0.017   33.636    0.000    0.600    0.600
    SC_14    (t14)    0.729    0.019   37.892    0.000    0.670    0.670
    SC_17             1.000                               0.796    0.796

Covariances:
                   Estimate  Std.Err  z-value  P(>|z|)   Std.lv  Std.all
 .sc3thac ~~                                                            
   .sc5thac           0.092    0.016    5.823    0.000    0.092    0.152
 .sc5thac ~~                                                            
   .sc7thac           0.201    0.013   15.351    0.000    0.201    0.376
 .sc7thac ~~                                                            
   .sc11thac          0.201    0.014   14.764    0.000    0.201    0.363
 .sc11thac ~~                                                           
   .sc14thac          0.219    0.015   14.238    0.000    0.219    0.342
 .sc14thac ~~                                                           
   .sc17thac          0.306    0.021   14.662    0.000    0.306    0.379
 .sc3tcom ~~                                                            
   .sc5tcom           0.128    0.013    9.586    0.000    0.128    0.292
 .sc5tcom ~~                                                            
   .sc7tcom           0.177    0.011   15.424    0.000    0.177    0.496
 .sc7tcom ~~                                                            
   .sc11tcom          0.148    0.011   12.881    0.000    0.148    0.407
 .sc11tcom ~~                                                           
   .sc14tcom          0.188    0.013   14.681    0.000    0.188    0.450
 .sc14tcom ~~                                                           
   .sc17tcom          0.252    0.018   14.098    0.000    0.252    0.481
 .sc3obey ~~                                                            
   .sc5obey           0.238    0.017   14.249    0.000    0.238    0.378
 .sc5obey ~~                                                            
   .sc7obey           0.287    0.015   18.892    0.000    0.287    0.512
 .sc7obey ~~                                                            
   .sc11obey          0.252    0.016   15.876    0.000    0.252    0.432
 .sc11obey ~~                                                           
   .sc14obey          0.266    0.018   14.952    0.000    0.266    0.395
 .sc14obey ~~                                                           
   .sc17obey          0.367    0.023   15.897    0.000    0.367    0.432
 .sc3dist ~~                                                            
   .sc5dist           0.110    0.013    8.645    0.000    0.110    0.292
 .sc5dist ~~                                                            
   .sc7dist           0.145    0.011   13.440    0.000    0.145    0.501
 .sc7dist ~~                                                            
   .sc11dist          0.163    0.011   14.515    0.000    0.163    0.560
 .sc11dist ~~                                                           
   .sc14dist          0.167    0.012   13.421    0.000    0.167    0.497
 .sc14dist ~~                                                           
   .sc17dist          0.231    0.017   13.991    0.000    0.231    0.554
 .sc3temp ~~                                                            
   .sc5temp           0.265    0.016   16.974    0.000    0.265    0.424
 .sc5temp ~~                                                            
   .sc7temp           0.364    0.015   23.563    0.000    0.364    0.655
 .sc7temp ~~                                                            
   .sc11temp          0.331    0.016   20.934    0.000    0.331    0.573
 .sc11temp ~~                                                           
   .sc14temp          0.406    0.019   21.467    0.000    0.406    0.609
 .sc14temp ~~                                                           
   .sc17temp          0.519    0.026   20.232    0.000    0.519    0.617
 .sc3rest ~~                                                            
   .sc5rest           0.174    0.013   12.902    0.000    0.174    0.446
 .sc5rest ~~                                                            
   .sc7rest           0.190    0.012   16.033    0.000    0.190    0.622
 .sc7rest ~~                                                            
   .sc11rest          0.152    0.012   12.816    0.000    0.152    0.494
 .sc11rest ~~                                                           
   .sc14rest          0.148    0.015   10.014    0.000    0.148    0.416
 .sc14rest ~~                                                           
   .sc17rest          0.194    0.020    9.535    0.000    0.194    0.441
 .sc3fidg ~~                                                            
   .sc5fidg           0.179    0.015   11.634    0.000    0.179    0.395
 .sc5fidg ~~                                                            
   .sc7fidg           0.212    0.013   15.760    0.000    0.212    0.571
 .sc7fidg ~~                                                            
   .sc11fidg          0.185    0.013   13.882    0.000    0.185    0.488
 .sc11fidg ~~                                                           
   .sc14fidg          0.267    0.017   16.039    0.000    0.267    0.610
 .sc14fidg ~~                                                           
   .sc17fidg          0.297    0.023   12.747    0.000    0.297    0.542
  i ~~                                                                  
    s                -0.069    0.013   -5.377    0.000   -0.200   -0.200

Intercepts:
                   Estimate  Std.Err  z-value  P(>|z|)   Std.lv  Std.all
    i                 0.000                               0.000    0.000
    s                 0.567    0.020   28.335    0.000    0.866    0.866
   .SC_3              0.000                               0.000    0.000
   .SC_5              0.000                               0.000    0.000
   .SC_7              0.000                               0.000    0.000
   .SC_11             0.000                               0.000    0.000
   .SC_14             0.000                               0.000    0.000
   .SC_17             0.000                               0.000    0.000

Thresholds:
                   Estimate  Std.Err  z-value  P(>|z|)   Std.lv  Std.all
    sc3t|1 (t_th1)   -1.044    0.020  -53.400    0.000   -1.044   -1.044
    sc3t|2 (t_th2)    0.809    0.018   45.727    0.000    0.809    0.809
    sc5t|1 (t_th1)   -1.044    0.020  -53.400    0.000   -1.044   -1.106
    sc5t|2 (t_th2)    0.809    0.018   45.727    0.000    0.809    0.857
    sc7t|1 (t_th1)   -1.044    0.020  -53.400    0.000   -1.044   -1.095
    sc7t|2 (t_th2)    0.809    0.018   45.727    0.000    0.809    0.848
    sc11|1 (t_th1)   -1.044    0.020  -53.400    0.000   -1.044   -1.049
    sc11|2 (t_th2)    0.809    0.018   45.727    0.000    0.809    0.812
    sc14|1 (t_th1)   -1.044    0.020  -53.400    0.000   -1.044   -0.948
    sc14|2 (t_th2)    0.809    0.018   45.727    0.000    0.809    0.734
    sc17|1 (t_th1)   -1.044    0.020  -53.400    0.000   -1.044   -0.826
    sc17|2 (t_th2)    0.809    0.018   45.727    0.000    0.809    0.640
    sc3t|1 (t_tc1)   -1.032    0.021  -48.734    0.000   -1.032   -1.032
    sc3t|2 (t_tc2)    0.508    0.017   29.830    0.000    0.508    0.508
    sc5t|1 (t_tc1)   -1.032    0.021  -48.734    0.000   -1.032   -1.093
    sc5t|2 (t_tc2)    0.508    0.017   29.830    0.000    0.508    0.538
    sc7t|1 (t_tc1)   -1.032    0.021  -48.734    0.000   -1.032   -1.082
    sc7t|2 (t_tc2)    0.508    0.017   29.830    0.000    0.508    0.533
    sc11|1 (t_tc1)   -1.032    0.021  -48.734    0.000   -1.032   -1.037
    sc11|2 (t_tc2)    0.508    0.017   29.830    0.000    0.508    0.510
    sc14|1 (t_tc1)   -1.032    0.021  -48.734    0.000   -1.032   -0.937
    sc14|2 (t_tc2)    0.508    0.017   29.830    0.000    0.508    0.461
    sc17|1 (t_tc1)   -1.032    0.021  -48.734    0.000   -1.032   -0.816
    sc17|2 (t_tc2)    0.508    0.017   29.830    0.000    0.508    0.402
    sc3b|1  (t_b1)   -1.653    0.026  -62.982    0.000   -1.653   -1.653
    sc3b|2  (t_b2)   -0.011    0.015   -0.695    0.487   -0.011   -0.011
    sc5b|1  (t_b1)   -1.653    0.026  -62.982    0.000   -1.653   -1.751
    sc5b|2  (t_b2)   -0.011    0.015   -0.695    0.487   -0.011   -0.011
    sc7b|1  (t_b1)   -1.653    0.026  -62.982    0.000   -1.653   -1.734
    sc7b|2  (t_b2)   -0.011    0.015   -0.695    0.487   -0.011   -0.011
    sc11|1  (t_b1)   -1.653    0.026  -62.982    0.000   -1.653   -1.660
    sc11|2  (t_b2)   -0.011    0.015   -0.695    0.487   -0.011   -0.011
    sc14|1  (t_b1)   -1.653    0.026  -62.982    0.000   -1.653   -1.502
    sc14|2  (t_b2)   -0.011    0.015   -0.695    0.487   -0.011   -0.010
    sc17|1  (t_b1)   -1.653    0.026  -62.982    0.000   -1.653   -1.307
    sc17|2  (t_b2)   -0.011    0.015   -0.695    0.487   -0.011   -0.008
    sc3d|1  (t_d1)   -0.928    0.021  -45.221    0.000   -0.928   -0.928
    sc3d|2  (t_d2)    0.282    0.016   17.067    0.000    0.282    0.282
    sc5d|1  (t_d1)   -0.928    0.021  -45.221    0.000   -0.928   -0.983
    sc5d|2  (t_d2)    0.282    0.016   17.067    0.000    0.282    0.298
    sc7d|1  (t_d1)   -0.928    0.021  -45.221    0.000   -0.928   -0.973
    sc7d|2  (t_d2)    0.282    0.016   17.067    0.000    0.282    0.295
    sc11|1  (t_d1)   -0.928    0.021  -45.221    0.000   -0.928   -0.932
    sc11|2  (t_d2)    0.282    0.016   17.067    0.000    0.282    0.283
    sc14|1  (t_d1)   -0.928    0.021  -45.221    0.000   -0.928   -0.843
    sc14|2  (t_d2)    0.282    0.016   17.067    0.000    0.282    0.256
    sc17|1  (t_d1)   -0.928    0.021  -45.221    0.000   -0.928   -0.734
    sc17|2  (t_d2)    0.282    0.016   17.067    0.000    0.282    0.223
    sc3t|1 (t_tm1)   -0.995    0.020  -49.063    0.000   -0.995   -0.995
    sc3t|2 (t_tm2)    0.082    0.016    5.095    0.000    0.082    0.082
    sc5t|1 (t_tm1)   -0.995    0.020  -49.063    0.000   -0.995   -1.054
    sc5t|2 (t_tm2)    0.082    0.016    5.095    0.000    0.082    0.086
    sc7t|1 (t_tm1)   -0.995    0.020  -49.063    0.000   -0.995   -1.044
    sc7t|2 (t_tm2)    0.082    0.016    5.095    0.000    0.082    0.085
    sc11|1 (t_tm1)   -0.995    0.020  -49.063    0.000   -0.995   -1.000
    sc11|2 (t_tm2)    0.082    0.016    5.095    0.000    0.082    0.082
    sc14|1 (t_tm1)   -0.995    0.020  -49.063    0.000   -0.995   -0.904
    sc14|2 (t_tm2)    0.082    0.016    5.095    0.000    0.082    0.074
    sc17|1 (t_tm1)   -0.995    0.020  -49.063    0.000   -0.995   -0.787
    sc17|2 (t_tm2)    0.082    0.016    5.095    0.000    0.082    0.064
    sc3r|1  (t_r1)   -1.015    0.021  -49.269    0.000   -1.015   -1.015
    sc3r|2  (t_r2)   -0.117    0.017   -7.004    0.000   -0.117   -0.117
    sc5r|1  (t_r1)   -1.015    0.021  -49.269    0.000   -1.015   -1.075
    sc5r|2  (t_r2)   -0.117    0.017   -7.004    0.000   -0.117   -0.124
    sc7r|1  (t_r1)   -1.015    0.021  -49.269    0.000   -1.015   -1.065
    sc7r|2  (t_r2)   -0.117    0.017   -7.004    0.000   -0.117   -0.123
    sc11|1  (t_r1)   -1.015    0.021  -49.269    0.000   -1.015   -1.019
    sc11|2  (t_r2)   -0.117    0.017   -7.004    0.000   -0.117   -0.117
    sc14|1  (t_r1)   -1.015    0.021  -49.269    0.000   -1.015   -0.922
    sc14|2  (t_r2)   -0.117    0.017   -7.004    0.000   -0.117   -0.106
    sc17|1  (t_r1)   -1.015    0.021  -49.269    0.000   -1.015   -0.803
    sc17|2  (t_r2)   -0.117    0.017   -7.004    0.000   -0.117   -0.092
    sc3f|1  (t_f1)   -1.186    0.023  -51.753    0.000   -1.186   -1.186
    sc3f|2  (t_f2)   -0.279    0.017  -16.768    0.000   -0.279   -0.279
    sc5f|1  (t_f1)   -1.186    0.023  -51.753    0.000   -1.186   -1.256
    sc5f|2  (t_f2)   -0.279    0.017  -16.768    0.000   -0.279   -0.296
    sc7f|1  (t_f1)   -1.186    0.023  -51.753    0.000   -1.186   -1.243
    sc7f|2  (t_f2)   -0.279    0.017  -16.768    0.000   -0.279   -0.293
    sc11|1  (t_f1)   -1.186    0.023  -51.753    0.000   -1.186   -1.191
    sc11|2  (t_f2)   -0.279    0.017  -16.768    0.000   -0.279   -0.280
    sc14|1  (t_f1)   -1.186    0.023  -51.753    0.000   -1.186   -1.077
    sc14|2  (t_f2)   -0.279    0.017  -16.768    0.000   -0.279   -0.254
    sc17|1  (t_f1)   -1.186    0.023  -51.753    0.000   -1.186   -0.938
    sc17|2  (t_f2)   -0.279    0.017  -16.768    0.000   -0.279   -0.221

Variances:
                   Estimate  Std.Err  z-value  P(>|z|)   Std.lv  Std.all
    i                 0.274    0.011   25.113    0.000    1.000    1.000
    s                 0.428    0.027   15.648    0.000    1.000    1.000
   .sc3thac           0.677                               0.677    0.677
   .sc3tcom           0.520                               0.520    0.520
   .sc3obey           0.700                               0.700    0.700
   .sc3dist           0.461                               0.461    0.461
   .sc3temp           0.695                               0.695    0.695
   .sc3rest           0.474                               0.474    0.474
   .sc3fidg           0.534                               0.534    0.534
   .sc5thac           0.540                               0.540    0.605
   .sc5tcom           0.369                               0.369    0.414
   .sc5obey           0.565                               0.565    0.634
   .sc5dist           0.305                               0.305    0.342
   .sc5temp           0.560                               0.560    0.628
   .sc5rest           0.319                               0.319    0.358
   .sc5fidg           0.384                               0.384    0.431
   .sc7thac           0.529                               0.529    0.582
   .sc7tcom           0.345                               0.345    0.379
   .sc7obey           0.557                               0.557    0.613
   .sc7dist           0.276                               0.276    0.303
   .sc7temp           0.551                               0.551    0.606
   .sc7rest           0.291                               0.291    0.320
   .sc7fidg           0.361                               0.361    0.397
   .sc11thac          0.581                               0.581    0.586
   .sc11tcom          0.382                               0.382    0.385
   .sc11obey          0.611                               0.611    0.616
   .sc11dist          0.307                               0.307    0.310
   .sc11temp          0.604                               0.604    0.610
   .sc11rest          0.324                               0.324    0.327
   .sc11fidg          0.399                               0.399    0.403
   .sc14thac          0.706                               0.706    0.582
   .sc14tcom          0.460                               0.460    0.379
   .sc14obey          0.743                               0.743    0.613
   .sc14dist          0.368                               0.368    0.304
   .sc14temp          0.735                               0.735    0.606
   .sc14rest          0.388                               0.388    0.320
   .sc14fidg          0.481                               0.481    0.397
   .sc17thac          0.923                               0.923    0.577
   .sc17tcom          0.595                               0.595    0.372
   .sc17obey          0.972                               0.972    0.608
   .sc17dist          0.473                               0.473    0.296
   .sc17temp          0.962                               0.962    0.602
   .sc17rest          0.500                               0.500    0.313
   .sc17fidg          0.624                               0.624    0.390
   .SC_3              0.049    0.008    6.387    0.000    0.152    0.152
   .SC_5              0.077    0.005   16.229    0.000    0.219    0.219
   .SC_7              0.090    0.005   18.154    0.000    0.236    0.236
   .SC_11             0.070    0.004   16.244    0.000    0.169    0.169
   .SC_14             0.105    0.006   16.558    0.000    0.208    0.208
   .SC_17             0.111    0.012    9.238    0.000    0.164    0.164

Scales y*:
                   Estimate  Std.Err  z-value  P(>|z|)   Std.lv  Std.all
    sc3thac  (sf1)    1.000                               1.000    1.000
    sc3tcom  (sf1)    1.000                               1.000    1.000
    sc3obey  (sf1)    1.000                               1.000    1.000
    sc3dist  (sf1)    1.000                               1.000    1.000
    sc3temp  (sf1)    1.000       NA                      1.000    1.000
    sc3rest  (sf1)    1.000       NA                      1.000    1.000
    sc3fidg  (sf1)    1.000                               1.000    1.000
    sc5thac  (sf5)    1.059    0.014   76.932    0.000    1.059    1.000
    sc5tcom  (sf5)    1.059    0.014   76.932    0.000    1.059    1.000
    sc5obey  (sf5)    1.059    0.014   76.932    0.000    1.059    1.000
    sc5dist  (sf5)    1.059    0.014   76.932    0.000    1.059    1.000
    sc5temp  (sf5)    1.059    0.014   76.932    0.000    1.059    1.000
    sc5rest  (sf5)    1.059    0.014   76.932    0.000    1.059    1.000
    sc5fidg  (sf5)    1.059    0.014   76.932    0.000    1.059    1.000
    sc7thac  (sf7)    1.049    0.013   78.390    0.000    1.049    1.000
    sc7tcom  (sf7)    1.049    0.013   78.390    0.000    1.049    1.000
    sc7obey  (sf7)    1.049    0.013   78.390    0.000    1.049    1.000
    sc7dist  (sf7)    1.049    0.013   78.390    0.000    1.049    1.000
    sc7temp  (sf7)    1.049    0.013   78.390    0.000    1.049    1.000
    sc7rest  (sf7)    1.049    0.013   78.390    0.000    1.049    1.000
    sc7fidg  (sf7)    1.049    0.013   78.390    0.000    1.049    1.000
    sc11thc (sf11)    1.004    0.015   68.348    0.000    1.004    1.000
    sc11tcm (sf11)    1.004    0.015   68.348    0.000    1.004    1.000
    sc11oby (sf11)    1.004    0.015   68.348    0.000    1.004    1.000
    sc11dst (sf11)    1.004    0.015   68.348    0.000    1.004    1.000
    sc11tmp (sf11)    1.004    0.015   68.348    0.000    1.004    1.000
    sc11rst (sf11)    1.004    0.015   68.348    0.000    1.004    1.000
    sc11fdg (sf11)    1.004    0.015   68.348    0.000    1.004    1.000
    sc14thc (sf14)    0.908    0.014   66.638    0.000    0.908    1.000
    sc14tcm (sf14)    0.908    0.014   66.638    0.000    0.908    1.000
    sc14oby (sf14)    0.908    0.014   66.638    0.000    0.908    1.000
    sc14dst (sf14)    0.908    0.014   66.638    0.000    0.908    1.000
    sc14tmp (sf14)    0.908    0.014   66.638    0.000    0.908    1.000
    sc14rst (sf14)    0.908    0.014   66.638    0.000    0.908    1.000
    sc14fdg (sf14)    0.908    0.014   66.638    0.000    0.908    1.000
    sc17thc (sf17)    0.791    0.014   54.911    0.000    0.791    1.000
    sc17tcm (sf17)    0.791    0.014   54.911    0.000    0.791    1.000
    sc17oby (sf17)    0.791    0.014   54.911    0.000    0.791    1.000
    sc17dst (sf17)    0.791    0.014   54.911    0.000    0.791    1.000
    sc17tmp (sf17)    0.791    0.014   54.911    0.000    0.791    1.000
    sc17rst (sf17)    0.791    0.014   54.911    0.000    0.791    1.000
    sc17fdg (sf17)    0.791    0.014   54.911    0.000    0.791    1.000

R-Square:
                   Estimate
    sc3thac           0.323
    sc3tcom           0.480
    sc3obey           0.300
    sc3dist           0.539
    sc3temp           0.305
    sc3rest           0.526
    sc3fidg           0.466
    sc5thac           0.395
    sc5tcom           0.586
    sc5obey           0.366
    sc5dist           0.658
    sc5temp           0.372
    sc5rest           0.642
    sc5fidg           0.569
    sc7thac           0.418
    sc7tcom           0.621
    sc7obey           0.387
    sc7dist           0.697
    sc7temp           0.394
    sc7rest           0.680
    sc7fidg           0.603
    sc11thac          0.414
    sc11tcom          0.615
    sc11obey          0.384
    sc11dist          0.690
    sc11temp          0.390
    sc11rest          0.673
    sc11fidg          0.597
    sc14thac          0.418
    sc14tcom          0.621
    sc14obey          0.387
    sc14dist          0.696
    sc14temp          0.394
    sc14rest          0.680
    sc14fidg          0.603
    sc17thac          0.423
    sc17tcom          0.628
    sc17obey          0.392
    sc17dist          0.704
    sc17temp          0.398
    sc17rest          0.687
    sc17fidg          0.610
    SC_3              0.848
    SC_5              0.781
    SC_7              0.764
    SC_11             0.831
    SC_14             0.792
    SC_17             0.836

Constraints:
                                               |Slack|
    sf1 - (1)                                    0.000


=== Extracting Factor Scores ===
Extracted factor scores for 4127 individuals

=== Saving Results ===
Saved: lgbm_results.RData (includes factor scores)
Saved: lgbm_parameters.csv
Saved: lgbm_fit_indices.csv

=== LGBM Analysis Complete ===
